// Jest Snapshot v1, https://goo.gl/fbAQLP

exports[`match home snapshot 1`] = `
<div>
  <div
    className="calculator-title"
  >
    <p>
      lets do some math
    </p>
  </div>
  <div
    id="calculator"
  >
    <div>
      <div
        className="display"
      >
        <h2
          className="display-numbers"
        >
          0
        </h2>
      </div>
      <div
        id="calculator-items"
      >
        <button
          className="button"
          onClick={[Function]}
          type="button"
        >
          AC
        </button>
        <button
          className="button"
          onClick={[Function]}
          type="button"
        >
          +/-
        </button>
        <button
          className="button"
          onClick={[Function]}
          type="button"
        >
          %
        </button>
        <button
          className="button orange"
          onClick={[Function]}
          type="button"
        >
          รท
        </button>
        <button
          className="button"
          onClick={[Function]}
          type="button"
        >
          7
        </button>
        <button
          className="button"
          onClick={[Function]}
          type="button"
        >
          8
        </button>
        <button
          className="button"
          onClick={[Function]}
          type="button"
        >
          9
        </button>
        <button
          className="button orange"
          onClick={[Function]}
          type="button"
        >
          x
        </button>
        <button
          className="button"
          onClick={[Function]}
          type="button"
        >
          4
        </button>
        <button
          className="button"
          onClick={[Function]}
          type="button"
        >
          5
        </button>
        <button
          className="button"
          onClick={[Function]}
          type="button"
        >
          6
        </button>
        <button
          className="button orange"
          onClick={[Function]}
          type="button"
        >
          -
        </button>
        <button
          className="button"
          onClick={[Function]}
          type="button"
        >
          1
        </button>
        <button
          className="button"
          onClick={[Function]}
          type="button"
        >
          2
        </button>
        <button
          className="button"
          onClick={[Function]}
          type="button"
        >
          3
        </button>
        <button
          className="button orange"
          onClick={[Function]}
          type="button"
        >
          +
        </button>
        <button
          className="button"
          id="zero"
          onClick={[Function]}
          type="button"
        >
          0
        </button>
        <button
          className="button"
          onClick={[Function]}
          type="button"
        >
          .
        </button>
        <button
          className="button orange"
          onClick={[Function]}
          type="button"
        >
          =
        </button>
      </div>
    </div>
  </div>
</div>
`;
